<html>
<body>
<pre>
<h1>µVision Build Log</h1>
<h2>Tool Versions:</h2>
IDE-Version: ¦ÌVision V5.14.0.0
Copyright (C) 2015 ARM Ltd and ARM Germany GmbH. All rights reserved.
License Information: alientek LRMbbj, HP Inc., LIC=47GU5-GBSDD-56VQ2-9Z50W-YLS2N-0HCAR
 
Tool Versions:
Toolchain:       MDK-ARM Standard  Version: 5.14.0.0
Toolchain Path:  D:\MDK5\ARM\ARMCC\Bin
C Compiler:      Armcc.exe V5.05 update 1 (build 106)
Assembler:       Armasm.exe V5.05 update 1 (build 106)
Linker/Locator:  ArmLink.exe V5.05 update 1 (build 106)
Library Manager: ArmAr.exe V5.05 update 1 (build 106)
Hex Converter:   FromElf.exe V5.05 update 1 (build 106)
CPU DLL:         SARMCM3.DLL V5.14.0.0
Dialog DLL:      DCM.DLL V1.13.1.0
Target DLL:      Segger\JL2CM3.dll V2.99.13.0
Dialog DLL:      TCM.DLL V1.14.4.0
 
<h2>Project:</h2>
D:\CodeLibrary\CurvedFire-Railgun\RailgunCore\USER\RailgunCore.uvprojx
Project File Date:  03/27/2021

<h2>Output:</h2>
Build target 'RailgunCore'
compiling main.c...
main.c(81): warning:  #550-D: variable "dis" was set but never used
        u16 dis;
main.c: 1 warning, 0 errors
linking...
Program Size: Code=5672 RO-data=424 RW-data=48 ZI-data=1888  
FromELF: creating hex file...
"..\OBJ\RailgunCore.axf" - 0 Error(s), 1 Warning(s).

<h2>Collection of Component include folders:</h2>
  D:\CodeLibrary\CurvedFire-Railgun\RailgunCore\USER\RTE
  D:\MDK5\ARM\PACK\Keil\STM32F4xx_DFP\1.0.8\Device\Include

<h2>Collection of Component Files used:</h2>
</pre>
</body>
</html>
